---
source: crates/brom-macros/src/entity.rs
expression: expand_and_format(&input)
---
#[automatically_derived]
impl ::brom_core::EntitySchema for Comment {
    fn table_name() -> &'static str {
        "comment"
    }
    fn fields() -> Vec<::brom_core::FieldInfo> {
        use ::brom_core::{FieldInfo, FieldType, Constraint};
        vec![
            FieldInfo { name : "body".to_string(), field_type : FieldType::String,
            constraints : vec![], ui_widget : None, hidden : false, }, FieldInfo { name :
            "post_id".to_string(), field_type : FieldType::Link { target : "post"
            .to_string() }, constraints : vec![], ui_widget : None, hidden : false, }
        ]
    }
    fn schema_info() -> ::brom_core::SchemaInfo {
        ::brom_core::SchemaInfo {
            table_name: Self::table_name().to_string(),
            fields: Self::fields(),
            auth_policy: ::brom_core::AuthPolicy::Public,
        }
    }
}
#[derive(Debug, Clone, ::serde::Serialize, ::serde::Deserialize, ::utoipa::ToSchema)]
pub struct CommentPublic {
    pub body: String,
    pub post_id: i64,
}
impl From<Comment> for CommentPublic {
    fn from(item: Comment) -> Self {
        Self {
            body: item.body,
            post_id: item.post_id,
        }
    }
}
#[automatically_derived]
pub mod comment_admin_api {
    use super::*;
    use ::brom_server::axum::{
        extract::{State, Path},
        Json, http::StatusCode,
    };
    use ::brom_server::AppState;
    use ::brom_core::{Repository, Pagination};
    use ::brom_db::SqliteRepository;
    use ::brom_server::{tracing, RequireAdmin};
    #[derive(::brom_server::serde::Deserialize)]
    pub struct PaginationParams {
        pub page: Option<u64>,
        pub per_page: Option<u64>,
    }
    #[::brom_server::utoipa::path(
        get,
        path = "/admin/api/entities/comment",
        responses((status = 200, description = "List all items", body = [Comment])),
        tag = "Admin Comment"
    )]
    #[tracing::instrument(skip_all)]
    pub async fn list_handler(
        state: State<AppState>,
        query: ::brom_server::axum::extract::Query<PaginationParams>,
        _: RequireAdmin,
    ) -> Result<Json<Vec<Comment>>, ::brom_server::ServerError> {
        let pagination = ::brom_core::Pagination::new(
            query.0.page.unwrap_or(1),
            query.0.per_page.unwrap_or(25),
        );
        let repo = SqliteRepository::<Comment>::new(state.db.clone());
        let items = ::brom_core::Repository::find_all(&repo, &pagination)?;
        Ok(Json(items))
    }
    #[::brom_server::utoipa::path(
        get,
        path = "/admin/api/entities/comment/{id}",
        params(("id" = i64, Path, description = "ID")),
        responses(
            (status = 200, description = "Get item by ID", body = Comment),
            (status = 404, description = "Not found")
        ),
        tag = "Admin Comment"
    )]
    #[tracing::instrument(skip_all)]
    pub async fn get_handler(
        state: State<AppState>,
        id: Path<i64>,
    ) -> Result<Json<Comment>, ::brom_server::ServerError> {
        let id = id.0;
        let repo = SqliteRepository::<Comment>::new(state.db.clone());
        let item = ::brom_core::Repository::find_by_id(&repo, id)?
            .ok_or(::brom_core::Error::NotFound {
                entity: "comment",
                id,
            })?;
        Ok(Json(item))
    }
    #[::brom_server::utoipa::path(
        post,
        path = "/admin/api/entities/comment",
        responses((status = 201, description = "Item created", body = Comment)),
        tag = "Admin Comment"
    )]
    #[tracing::instrument(skip_all)]
    pub async fn create_handler(
        state: State<AppState>,
        payload: Json<Comment>,
    ) -> Result<Json<Comment>, ::brom_server::ServerError> {
        let repo = SqliteRepository::<Comment>::new(state.db.clone());
        let id = repo.create(&payload.0)?;
        let item = repo
            .find_by_id(id)?
            .ok_or(::brom_core::Error::NotFound {
                entity: "comment",
                id,
            })?;
        Ok(Json(item))
    }
    #[::brom_server::utoipa::path(
        put,
        path = "/admin/api/entities/comment/{id}",
        params(("id" = i64, Path, description = "ID")),
        responses(
            (status = 200, description = "Item updated", body = Comment),
            (status = 404, description = "Not found")
        ),
        tag = "Admin Comment"
    )]
    #[tracing::instrument(skip_all)]
    pub async fn update_handler(
        state: State<AppState>,
        id: Path<i64>,
        payload: Json<Comment>,
    ) -> Result<Json<Comment>, ::brom_server::ServerError> {
        let id = id.0;
        let repo = SqliteRepository::<Comment>::new(state.db.clone());
        repo.update(id, &payload.0)?;
        let item = repo
            .find_by_id(id)?
            .ok_or(::brom_core::Error::NotFound {
                entity: "comment",
                id,
            })?;
        Ok(Json(item))
    }
    #[::brom_server::utoipa::path(
        delete,
        path = "/admin/api/entities/comment/{id}",
        params(("id" = i64, Path, description = "ID")),
        responses(
            (status = 204, description = "Item deleted"),
            (status = 404, description = "Not found")
        ),
        tag = "Admin Comment"
    )]
    #[tracing::instrument(skip_all)]
    pub async fn delete_handler(
        state: State<AppState>,
        id: Path<i64>,
    ) -> Result<StatusCode, ::brom_server::ServerError> {
        let id = id.0;
        let repo = SqliteRepository::<Comment>::new(state.db.clone());
        repo.delete(id)?;
        Ok(StatusCode::NO_CONTENT)
    }
}
#[automatically_derived]
pub mod comment_public_api {
    use super::*;
    use ::brom_server::axum::{
        extract::{State, Path},
        Json,
    };
    use ::brom_server::AppState;
    use ::brom_core::{Repository, Pagination};
    use ::brom_db::SqliteRepository;
    use ::brom_server::{DataEnvelope, PaginatedResponse};
    #[derive(::brom_server::serde::Deserialize)]
    pub struct PaginationParams {
        pub page: Option<u64>,
        pub per_page: Option<u64>,
    }
    use ::brom_server::tracing;
    #[::brom_server::utoipa::path(
        get,
        path = "/api/v1/entities/comment",
        responses(
            (
                status = 200,
                description = "List all items",
                body = PaginatedResponse<CommentPublic>
            )
        ),
        tag = "Public Comment"
    )]
    #[tracing::instrument(skip_all)]
    pub async fn list_handler(
        state: ::brom_server::axum::extract::State<::brom_server::AppState>,
        query: ::brom_server::axum::extract::Query<PaginationParams>,
    ) -> Result<
        ::brom_server::axum::Json<::brom_server::PaginatedResponse<CommentPublic>>,
        ::brom_server::ServerError,
    > {
        let pagination = ::brom_core::Pagination::new(
            query.0.page.unwrap_or(1),
            query.0.per_page.unwrap_or(25),
        );
        let repo = ::brom_db::SqliteRepository::<Comment>::new(state.db.clone());
        let total_items = ::brom_core::Repository::count(&repo)?;
        let total_pages = (total_items + i64::from(pagination.per_page as i32) - 1)
            / i64::from(pagination.per_page as i32);
        let items = ::brom_core::Repository::find_all(&repo, &pagination)?;
        let pub_items = items.into_iter().map(Into::into).collect();
        Ok(
            ::brom_server::axum::Json(
                ::brom_server::PaginatedResponse::new(
                    pub_items,
                    total_items,
                    total_pages,
                    pagination.page,
                    pagination.per_page,
                ),
            ),
        )
    }
    #[::brom_server::utoipa::path(
        get,
        path = "/api/v1/entities/comment/{id}",
        params(("id" = i64, Path, description = "ID")),
        responses(
            (
                status = 200,
                description = "Get item by ID",
                body = DataEnvelope<CommentPublic>
            ),
            (status = 404, description = "Not found")
        ),
        tag = "Public Comment"
    )]
    #[tracing::instrument(skip_all)]
    pub async fn get_handler(
        state: ::brom_server::axum::extract::State<::brom_server::AppState>,
        id: ::brom_server::axum::extract::Path<i64>,
    ) -> Result<
        ::brom_server::axum::Json<::brom_server::DataEnvelope<CommentPublic>>,
        ::brom_server::ServerError,
    > {
        let id = id.0;
        let repo = ::brom_db::SqliteRepository::<Comment>::new(state.db.clone());
        let item = ::brom_core::Repository::find_by_id(&repo, id)?
            .ok_or(
                ::brom_server::ServerError::Core(::brom_core::Error::NotFound {
                    entity: "comment",
                    id,
                }),
            )?;
        Ok(::brom_server::axum::Json(::brom_server::DataEnvelope::new(item.into())))
    }
}
#[automatically_derived]
impl Comment {
    pub fn admin_router() -> ::brom_server::axum::Router<::brom_server::AppState> {
        use ::brom_server::axum::routing::get;
        ::brom_server::axum::Router::<::brom_server::AppState>::new()
            .route(
                "/admin/api/entities/comment",
                get(comment_admin_api::list_handler)
                    .post(comment_admin_api::create_handler),
            )
            .route(
                "/admin/api/entities/comment/{id}",
                get(comment_admin_api::get_handler)
                    .put(comment_admin_api::update_handler)
                    .delete(comment_admin_api::delete_handler),
            )
    }
    pub fn public_router() -> ::brom_server::axum::Router<::brom_server::AppState> {
        use ::brom_server::axum::routing::get;
        ::brom_server::axum::Router::<::brom_server::AppState>::new()
            .route("/api/v1/entities/comment", get(comment_public_api::list_handler))
            .route("/api/v1/entities/comment/{id}", get(comment_public_api::get_handler))
    }
}
#[automatically_derived]
#[allow(clippy::needless_for_each)]
mod comment_openapi_inner {
    use super::*;
    use ::brom_server::utoipa;
    #[derive(utoipa::OpenApi)]
    #[openapi(
        paths(
            comment_admin_api::list_handler,
            comment_admin_api::get_handler,
            comment_admin_api::create_handler,
            comment_admin_api::update_handler,
            comment_admin_api::delete_handler,
            comment_public_api::list_handler,
            comment_public_api::get_handler,
        ),
        components(schemas(Comment))
    )]
    pub struct CommentApi;
}
pub use comment_openapi_inner::CommentApi;
