---
source: crates/brom-macros/src/entity.rs
expression: expand_and_format(&input)
---
#[automatically_derived]
impl ::brom::__private::brom_core::EntitySchema for Post {
    fn table_name() -> &'static str {
        "blog_posts"
    }
    fn fields() -> Vec<::brom::__private::brom_core::FieldInfo> {
        vec![
            ::brom::__private::brom_core::FieldInfo { name : "title".to_string(),
            field_type : ::brom::__private::brom_core::FieldType::String, constraints :
            vec![], ui_widget : None, hidden : false, }
        ]
    }
    fn schema_info() -> ::brom::__private::brom_core::SchemaInfo {
        ::brom::__private::brom_core::SchemaInfo {
            table_name: Self::table_name().to_string(),
            fields: Self::fields(),
            auth_policy: ::brom::__private::brom_core::AuthPolicy::Public,
        }
    }
}
mod __brom_hygiene_post {
    use super::*;
    use ::brom::__private::utoipa as utoipa;
    use ::brom::__private::serde as serde;
    #[derive(Debug, Clone, serde::Serialize, serde::Deserialize, utoipa::ToSchema)]
    pub struct PostPublic {
        pub title: String,
    }
    #[derive(Debug, Clone, serde::Serialize, serde::Deserialize, utoipa::ToSchema)]
    pub struct PostAdmin {
        pub title: String,
    }
}
pub use __brom_hygiene_post::{PostPublic, PostAdmin};
impl From<Post> for PostPublic {
    fn from(item: Post) -> Self {
        Self { title: item.title }
    }
}
impl From<Post> for PostAdmin {
    fn from(item: Post) -> Self {
        Self { title: item.title }
    }
}
impl From<PostAdmin> for Post {
    fn from(item: PostAdmin) -> Self {
        Self { title: item.title }
    }
}
#[automatically_derived]
pub mod post_admin_api {
    use super::*;
    use ::brom::__private::brom_server::axum::{
        extract::{State, Path},
        Json, http::StatusCode,
    };
    use ::brom::__private::brom_server::AppState;
    use ::brom::__private::brom_core::{Repository, Pagination};
    use ::brom::__private::brom_db::SqliteRepository;
    use ::brom::__private::brom_server::RequireAdmin;
    use ::brom::__private::utoipa as utoipa;
    use ::brom::__private::brom_server::tracing as tracing;
    #[derive(::brom::__private::serde::Deserialize)]
    pub struct PaginationParams {
        pub page: Option<u64>,
        pub per_page: Option<u64>,
    }
    #[::brom::__private::utoipa::path(
        get,
        path = "/admin/api/entities/post",
        responses(
            (status = 200, description = "List all items", body = [super::PostAdmin])
        ),
        tag = "Admin Post"
    )]
    pub async fn list_handler(
        _: RequireAdmin,
        state: State<AppState>,
        query: ::brom::__private::brom_server::axum::extract::Query<PaginationParams>,
    ) -> Result<
        Json<Vec<super::PostAdmin>>,
        ::brom::__private::brom_server::ServerError,
    > {
        let pagination = ::brom::__private::brom_core::Pagination::new(
            query.0.page.unwrap_or(1),
            query.0.per_page.unwrap_or(25),
        );
        let repo = SqliteRepository::<super::Post>::new(state.db.clone());
        let items = ::brom::__private::brom_core::Repository::find_all(
            &repo,
            &pagination,
        )?;
        let out_items = items.into_iter().map(Into::into).collect();
        Ok(Json(out_items))
    }
    #[::brom::__private::utoipa::path(
        get,
        path = "/admin/api/entities/post/{id}",
        params(("id" = i64, Path, description = "ID")),
        responses(
            (status = 200, description = "Get item by ID", body = super::PostAdmin),
            (status = 404, description = "Not found")
        ),
        tag = "Admin Post"
    )]
    pub async fn get_handler(
        _: RequireAdmin,
        state: State<AppState>,
        id: Path<i64>,
    ) -> Result<Json<super::PostAdmin>, ::brom::__private::brom_server::ServerError> {
        let id = id.0;
        let repo = SqliteRepository::<super::Post>::new(state.db.clone());
        let item = ::brom::__private::brom_core::Repository::find_by_id(&repo, id)?
            .ok_or(::brom::__private::brom_core::Error::NotFound {
                entity: "post",
                id,
            })?;
        Ok(Json(item.into()))
    }
    #[::brom::__private::utoipa::path(
        post,
        path = "/admin/api/entities/post",
        responses((status = 201, description = "Item created", body = super::PostAdmin)),
        tag = "Admin Post"
    )]
    pub async fn create_handler(
        _: RequireAdmin,
        state: State<AppState>,
        payload: Json<super::PostAdmin>,
    ) -> Result<Json<super::PostAdmin>, ::brom::__private::brom_server::ServerError> {
        let repo = SqliteRepository::<super::Post>::new(state.db.clone());
        let id = repo.create(&payload.0.into())?;
        let item = repo
            .find_by_id(id)?
            .ok_or(::brom::__private::brom_core::Error::NotFound {
                entity: "post",
                id,
            })?;
        Ok(Json(item.into()))
    }
    #[::brom::__private::utoipa::path(
        put,
        path = "/admin/api/entities/post/{id}",
        params(("id" = i64, Path, description = "ID")),
        responses(
            (status = 200, description = "Item updated", body = super::PostAdmin),
            (status = 404, description = "Not found")
        ),
        tag = "Admin Post"
    )]
    pub async fn update_handler(
        _: RequireAdmin,
        state: State<AppState>,
        id: Path<i64>,
        payload: Json<super::PostAdmin>,
    ) -> Result<Json<super::PostAdmin>, ::brom::__private::brom_server::ServerError> {
        let id = id.0;
        let repo = SqliteRepository::<super::Post>::new(state.db.clone());
        repo.update(id, &payload.0.into())?;
        let item = repo
            .find_by_id(id)?
            .ok_or(::brom::__private::brom_core::Error::NotFound {
                entity: "post",
                id,
            })?;
        Ok(Json(item.into()))
    }
    #[::brom::__private::utoipa::path(
        delete,
        path = "/admin/api/entities/post/{id}",
        params(("id" = i64, Path, description = "ID")),
        responses(
            (status = 204, description = "Item deleted"),
            (status = 404, description = "Not found")
        ),
        tag = "Admin Post"
    )]
    pub async fn delete_handler(
        _: RequireAdmin,
        state: State<AppState>,
        id: Path<i64>,
    ) -> Result<StatusCode, ::brom::__private::brom_server::ServerError> {
        let id = id.0;
        let repo = SqliteRepository::<Post>::new(state.db.clone());
        repo.delete(id)?;
        Ok(StatusCode::NO_CONTENT)
    }
}
#[automatically_derived]
pub mod post_public_api {
    use super::*;
    use ::brom::__private::brom_server::axum::{
        extract::{State, Path},
        Json,
    };
    use ::brom::__private::brom_server::AppState;
    use ::brom::__private::brom_core::{Repository, Pagination};
    use ::brom::__private::brom_db::SqliteRepository;
    use ::brom::__private::brom_server::{DataEnvelope, PaginatedResponse};
    #[derive(::brom::__private::serde::Deserialize)]
    pub struct PaginationParams {
        pub page: Option<u64>,
        pub per_page: Option<u64>,
    }
    use ::brom::__private::utoipa as utoipa;
    use ::brom::__private::brom_server::tracing as tracing;
    #[utoipa::path(
        get,
        path = "/api/v1/entities/post",
        responses(
            (
                status = 200,
                description = "List all items",
                body = PaginatedResponse<super::PostPublic>
            )
        ),
        tag = "Public Post"
    )]
    pub async fn list_handler(
        state: ::brom::__private::brom_server::axum::extract::State<
            ::brom::__private::brom_server::AppState,
        >,
        query: ::brom::__private::brom_server::axum::extract::Query<PaginationParams>,
    ) -> Result<
        ::brom::__private::brom_server::axum::Json<
            ::brom::__private::brom_server::PaginatedResponse<super::PostPublic>,
        >,
        ::brom::__private::brom_server::ServerError,
    > {
        let pagination = ::brom::__private::brom_core::Pagination::new(
            query.0.page.unwrap_or(1),
            query.0.per_page.unwrap_or(25),
        );
        let repo = ::brom::__private::brom_db::SqliteRepository::<
            super::Post,
        >::new(state.db.clone());
        let total_items = ::brom::__private::brom_core::Repository::count(&repo)?;
        let total_pages = (total_items + i64::from(pagination.per_page as i32) - 1)
            / i64::from(pagination.per_page as i32);
        let items = ::brom::__private::brom_core::Repository::find_all(
            &repo,
            &pagination,
        )?;
        let pub_items = items.into_iter().map(Into::into).collect();
        Ok(
            ::brom::__private::brom_server::axum::Json(
                ::brom::__private::brom_server::PaginatedResponse::new(
                    pub_items,
                    total_items,
                    total_pages,
                    pagination.page,
                    pagination.per_page,
                ),
            ),
        )
    }
    #[::brom::__private::utoipa::path(
        get,
        path = "/api/v1/entities/post/{id}",
        params(("id" = i64, Path, description = "ID")),
        responses(
            (
                status = 200,
                description = "Get item by ID",
                body = DataEnvelope<super::PostPublic>
            ),
            (status = 404, description = "Not found")
        ),
        tag = "Public Post"
    )]
    pub async fn get_handler(
        state: ::brom::__private::brom_server::axum::extract::State<
            ::brom::__private::brom_server::AppState,
        >,
        id: ::brom::__private::brom_server::axum::extract::Path<i64>,
    ) -> Result<
        ::brom::__private::brom_server::axum::Json<
            ::brom::__private::brom_server::DataEnvelope<super::PostPublic>,
        >,
        ::brom::__private::brom_server::ServerError,
    > {
        let id = id.0;
        let repo = ::brom::__private::brom_db::SqliteRepository::<
            super::Post,
        >::new(state.db.clone());
        let item = ::brom::__private::brom_core::Repository::find_by_id(&repo, id)?
            .ok_or(
                ::brom::__private::brom_server::ServerError::Core(::brom::__private::brom_core::Error::NotFound {
                    entity: "post",
                    id,
                }),
            )?;
        Ok(
            ::brom::__private::brom_server::axum::Json(
                ::brom::__private::brom_server::DataEnvelope::new(item.into()),
            ),
        )
    }
}
#[automatically_derived]
impl Post {
    pub fn admin_router() -> ::brom::__private::brom_server::axum::Router<
        ::brom::__private::brom_server::AppState,
    > {
        use ::brom::__private::brom_server::axum::routing::get;
        ::brom::__private::brom_server::axum::Router::<
            ::brom::__private::brom_server::AppState,
        >::new()
            .route(
                "/admin/api/entities/post",
                get(post_admin_api::list_handler).post(post_admin_api::create_handler),
            )
            .route(
                "/admin/api/entities/post/{id}",
                get(post_admin_api::get_handler)
                    .put(post_admin_api::update_handler)
                    .delete(post_admin_api::delete_handler),
            )
    }
    pub fn public_router() -> ::brom::__private::brom_server::axum::Router<
        ::brom::__private::brom_server::AppState,
    > {
        use ::brom::__private::brom_server::axum::routing::get;
        ::brom::__private::brom_server::axum::Router::<
            ::brom::__private::brom_server::AppState,
        >::new()
            .route("/api/v1/entities/post", get(post_public_api::list_handler))
            .route("/api/v1/entities/post/{id}", get(post_public_api::get_handler))
    }
}
#[automatically_derived]
#[allow(clippy::needless_for_each)]
mod post_openapi_inner {
    use ::brom::__private::utoipa as utoipa;
    #[derive(utoipa::OpenApi)]
    #[openapi(
        paths(
            super::post_admin_api::list_handler,
            super::post_admin_api::get_handler,
            super::post_admin_api::create_handler,
            super::post_admin_api::update_handler,
            super::post_admin_api::delete_handler,
            super::post_public_api::list_handler,
            super::post_public_api::get_handler,
        ),
        components(schemas(super::PostAdmin, super::PostPublic))
    )]
    pub struct PostApi;
}
pub use post_openapi_inner::PostApi;
